process 0 binding: 10101010
process 1 binding: 01101010
process 2 binding: 01011010
process 3 binding: 01010110
process 4 binding: 01010101
process 5 binding: 10010101
process 6 binding: 10100101
process 7 binding: 10101001
process 8 binding: 10101010
process 9 binding: 01101010
process 10 binding: 01011010
process 11 binding: 01010110
process 12 binding: 01010101
process 13 binding: 10010101
process 14 binding: 10100101
process 15 binding: 10101001
