process 0 binding: 10100000
process 1 binding: 01010000
process 2 binding: 00001010
process 3 binding: 00000101
process 4 binding: 10100000
process 5 binding: 01010000
process 6 binding: 00001010
process 7 binding: 00000101
process 8 binding: 10100000
process 9 binding: 01010000
process 10 binding: 00001010
process 11 binding: 00000101
process 12 binding: 10100000
process 13 binding: 01010000
process 14 binding: 00001010
process 15 binding: 00000101
