process 0 binding: 10000000
process 1 binding: 01000000
process 2 binding: 00100000
process 3 binding: 00010000
process 4 binding: 00001000
process 5 binding: 00000100
process 6 binding: 00000010
process 7 binding: 00000001
process 8 binding: 10000000
process 9 binding: 01000000
process 10 binding: 00100000
process 11 binding: 00010000
process 12 binding: 00001000
process 13 binding: 00000100
process 14 binding: 00000010
process 15 binding: 00000001
