process 0 binding: 11000000
process 1 binding: 00001100
process 2 binding: 00110000
process 3 binding: 00000011
process 4 binding: 11000000
process 5 binding: 00001100
process 6 binding: 00110000
process 7 binding: 00000011
process 8 binding: 11000000
process 9 binding: 00001100
process 10 binding: 00110000
process 11 binding: 00000011
process 12 binding: 11000000
process 13 binding: 00001100
process 14 binding: 00110000
process 15 binding: 00000011
