process 0 binding: 10101010
process 1 binding: 01010101
process 2 binding: 10101010
process 3 binding: 01010101
process 4 binding: 10101010
process 5 binding: 01010101
process 6 binding: 10101010
process 7 binding: 01010101
process 8 binding: 10101010
process 9 binding: 01010101
process 10 binding: 10101010
process 11 binding: 01010101
process 12 binding: 10101010
process 13 binding: 01010101
process 14 binding: 10101010
process 15 binding: 01010101
