process 0 binding: 1111000011110000
process 1 binding: 0011110000111100
process 2 binding: 0000111100001111
process 3 binding: 1100001111000011
process 4 binding: 1111000011110000
process 5 binding: 0011110000111100
process 6 binding: 0000111100001111
process 7 binding: 1100001111000011
process 8 binding: 1111000011110000
process 9 binding: 0011110000111100
process 10 binding: 0000111100001111
process 11 binding: 1100001111000011
process 12 binding: 1111000011110000
process 13 binding: 0011110000111100
process 14 binding: 0000111100001111
process 15 binding: 1100001111000011
