process 0 binding: 1100000011000000
process 1 binding: 0011000000110000
process 2 binding: 0000110000001100
process 3 binding: 0000001100000011
process 4 binding: 1100000011000000
process 5 binding: 0011000000110000
process 6 binding: 0000110000001100
process 7 binding: 0000001100000011
process 8 binding: 1100000011000000
process 9 binding: 0011000000110000
process 10 binding: 0000110000001100
process 11 binding: 0000001100000011
process 12 binding: 1100000011000000
process 13 binding: 0011000000110000
process 14 binding: 0000110000001100
process 15 binding: 0000001100000011
